// Jest Snapshot v1, https://goo.gl/fbAQLP

exports[`<CustomHeader> <CustomHeader> render correctly 1`] = `
<RCTSafeAreaView
  emulateUnlessSupported={true}
  style={
    Array [
      Object {
        "backgroundColor": "#6200ee",
        "elevation": 4,
        "zIndex": 0,
      },
      Object {
        "shadowColor": "#000000",
        "shadowOffset": Object {
          "height": 3,
          "width": 0,
        },
        "shadowOpacity": 0.24,
        "shadowRadius": 4,
      },
    ]
  }
>
  <View
    style={
      Object {
        "alignItems": "center",
        "backgroundColor": "#6200ee",
        "elevation": 0,
        "flexDirection": "row",
        "height": 56,
        "marginTop": 0,
        "paddingHorizontal": 4,
      }
    }
  >
    <View
      style={
        Object {
          "width": 48,
        }
      }
    />
    <View
      accessible={true}
      focusable={false}
      onClick={[Function]}
      onResponderGrant={[Function]}
      onResponderMove={[Function]}
      onResponderRelease={[Function]}
      onResponderTerminate={[Function]}
      onResponderTerminationRequest={[Function]}
      onStartShouldSetResponder={[Function]}
      style={
        Array [
          Object {
            "flex": 1,
            "paddingHorizontal": 12,
          },
          Array [
            false,
            Object {
              "alignItems": "center",
            },
            undefined,
          ],
        ]
      }
    >
      <Text
        accessibilityRole="header"
        accessibilityTraits="header"
        accessible={true}
        numberOfLines={1}
        style={
          Array [
            Object {
              "color": "#000000",
              "fontFamily": "System",
              "fontWeight": "400",
              "textAlign": "left",
            },
            Array [
              Object {
                "color": "#ffffff",
                "fontFamily": "System",
                "fontWeight": "400",
              },
              Object {
                "fontSize": 17,
              },
              undefined,
            ],
          ]
        }
      />
    </View>
    <View
      style={
        Object {
          "width": 48,
        }
      }
    />
  </View>
</RCTSafeAreaView>
`;
